[getbootstrap.com/docs/4.1/getting-started/download/index.html]
[getbootstrap.com/docs/4.1/getting-started/contents/index.html]
[getbootstrap.com/docs/4.1/getting-started/introduction/index.html]
[backblue.gif]
[fade.gif]
[index.html]
[getbootstrap.com/docs/4.1/getting-started/browsers-devices/index.html]
[getbootstrap.com/docs/4.1/getting-started/javascript/index.html]
[getbootstrap.com/docs/4.1/getting-started/theming/index.html]
[getbootstrap.com/docs/4.1/getting-started/build-tools/index.html]
[getbootstrap.com/docs/4.1/dist/css/bootstrap.min.css]
[getbootstrap.com/docs/4.1/getting-started/webpack/index.html]
[getbootstrap.com/docs/4.1/getting-started/accessibility/index.html]
[cdn.jsdelivr.net/npm/docsearch.js@2/dist/cdn/docsearch.min.css]
[getbootstrap.com/docs/4.1/layout/overview/index.html]
[getbootstrap.com/docs/4.1/layout/grid/index.html]
[getbootstrap.com/docs/4.1/assets/css/docs.min.css]
[getbootstrap.com/docs/4.1/layout/media-object/index.html]
[getbootstrap.com/docs/4.1/layout/utilities-for-layout/index.html]
[getbootstrap.com/docs/4.1/assets/img/favicons/apple-touch-icon.png]
[getbootstrap.com/docs/4.1/content/reboot/index.html]
[getbootstrap.com/docs/4.1/content/typography/index.html]
[getbootstrap.com/docs/4.1/assets/img/favicons/favicon-32x32.png]
[getbootstrap.com/docs/4.1/content/code/index.html]
[getbootstrap.com/docs/4.1/content/tables/index.html]
[getbootstrap.com/docs/4.1/content/images/index.html]
[getbootstrap.com/docs/4.1/components/alerts/index.html]
[getbootstrap.com/docs/4.1/content/figures/index.html]
[getbootstrap.com/docs/4.1/assets/img/favicons/favicon-16x16.png]
[getbootstrap.com/docs/4.1/components/badge/index.html]
[getbootstrap.com/docs/4.1/components/buttons/index.html]
[getbootstrap.com/docs/4.1/components/button-group/index.html]
[getbootstrap.com/docs/4.1/components/breadcrumb/index.html]
[getbootstrap.com/docs/4.1/assets/brand/bootstrap-social-logo.png]
[getbootstrap.com/docs/4.1/components/card/index.html]
[getbootstrap.com/docs/4.1/components/carousel/index.html]
[getbootstrap.com/docs/4.1/components/collapse/index.html]
[getbootstrap.com/docs/4.1/components/dropdowns/index.html]
[getbootstrap.com/docs/4.1/assets/brand/bootstrap-social.png]
[getbootstrap.com/docs/4.1/components/forms/index.html]
[getbootstrap.com/docs/4.1/components/input-group/index.html]
[www.google-analytics.com/analytics.js]
[getbootstrap.com/docs/4.1/components/jumbotron/index.html]
[getbootstrap.com/docs/4.1/components/list-group/index.html]
[getbootstrap.com/docs/4.1/components/modal/index.html]
[getbootstrap.com/docs/4.1/components/navs/index.html]
[getbootstrap.com/docs/4.1/components/navbar/index.html]
[getbootstrap.com/docs/4.1/components/pagination/index.html]
[cdn.carbonads.com/carbon7e4a.js]
[getbootstrap.com/docs/4.1/components/progress/index.html]
[getbootstrap.com/docs/4.1/components/popovers/index.html]
[getbootstrap.com/docs/4.1/components/scrollspy/index.html]
[getbootstrap.com/docs/4.1/utilities/borders/index.html]
[getbootstrap.com/docs/4.1/utilities/clearfix/index.html]
[getbootstrap.com/docs/4.1/components/tooltips/index.html]
[getbootstrap.com/docs/4.1/utilities/close-icon/index.html]
[getbootstrap.com/docs/4.1/utilities/display/index.html]
[getbootstrap.com/docs/4.1/utilities/colors/index.html]
[getbootstrap.com/docs/4.1/utilities/embed/index.html]
[getbootstrap.com/docs/4.1/utilities/flex/index.html]
[getbootstrap.com/docs/4.1/utilities/float/index.html]
[getbootstrap.com/docs/4.1/utilities/image-replacement/index.html]
[getbootstrap.com/docs/4.1/utilities/position/index.html]
[getbootstrap.com/docs/4.1/utilities/screenreaders/index.html]
[getbootstrap.com/docs/4.1/utilities/shadows/index.html]
[code.jquery.com/jquery-3.3.1.slim.min.js]
[getbootstrap.com/assets/js/vendor/jquery-slim.min.js]
[getbootstrap.com/docs/4.1/utilities/spacing/index.html]
[getbootstrap.com/docs/4.1/utilities/sizing/index.html]
[getbootstrap.com/docs/4.1/utilities/vertical-align/index.html]
[getbootstrap.com/docs/4.1/utilities/visibility/index.html]
[getbootstrap.com/docs/4.1/extend/icons/index.html]
[getbootstrap.com/docs/4.1/extend/approach/index.html]
[getbootstrap.com/docs/4.1/assets/js/vendor/popper.min.js]
[getbootstrap.com/docs/4.1/migration/index.html]
[getbootstrap.com/docs/4.1/dist/js/bootstrap.min.js]
[cdn.jsdelivr.net/npm/docsearch.js@2/dist/cdn/docsearch.min.js]
[getbootstrap.com/docs/4.1/about/overview/index.html]
[getbootstrap.com/docs/4.1/utilities/text/index.html]
[getbootstrap.com/docs/4.1/getting-started/introduction/index.html]
[getbootstrap.com/docs/4.1/getting-started/download/index.html]
[getbootstrap.com/docs/4.1/getting-started/contents/index.html]
[getbootstrap.com/docs/4.1/getting-started/browsers-devices/index.html]
[getbootstrap.com/docs/4.1/getting-started/javascript/index.html]
[getbootstrap.com/docs/4.1/getting-started/theming/index.html]
[getbootstrap.com/docs/4.1/getting-started/build-tools/index.html]
[getbootstrap.com/docs/4.1/getting-started/webpack/index.html]
[getbootstrap.com/docs/4.1/getting-started/accessibility/index.html]
[getbootstrap.com/docs/4.1/layout/overview/index.html]
[getbootstrap.com/docs/4.1/layout/grid/index.html]
[getbootstrap.com/docs/4.1/layout/media-object/index.html]
[getbootstrap.com/docs/4.1/layout/utilities-for-layout/index.html]
[getbootstrap.com/docs/4.1/content/reboot/index.html]
[getbootstrap.com/docs/4.1/content/typography/index.html]
[getbootstrap.com/docs/4.1/content/code/index.html]
[getbootstrap.com/docs/4.1/content/images/index.html]
[getbootstrap.com/docs/4.1/content/tables/index.html]
[getbootstrap.com/docs/4.1/content/figures/index.html]
[getbootstrap.com/docs/4.1/components/alerts/index.html]
[getbootstrap.com/docs/4.1/components/badge/index.html]
[getbootstrap.com/docs/4.1/components/breadcrumb/index.html]
[getbootstrap.com/docs/4.1/components/buttons/index.html]
[getbootstrap.com/docs/4.1/components/button-group/index.html]
[getbootstrap.com/docs/4.1/components/card/index.html]
[getbootstrap.com/docs/4.1/components/carousel/index.html]
[getbootstrap.com/docs/4.1/components/collapse/index.html]
[getbootstrap.com/docs/4.1/assets/js/docs.min.js]
[getbootstrap.com/docs/4.1/components/dropdowns/index.html]
[getbootstrap.com/docs/4.1/components/forms/index.html]
[getbootstrap.com/docs/4.1/components/input-group/index.html]
[getbootstrap.com/docs/4.1/components/jumbotron/index.html]
[getbootstrap.com/docs/4.1/components/list-group/index.html]
[getbootstrap.com/docs/4.1/components/modal/index.html]
[getbootstrap.com/docs/4.1/components/navs/index.html]
[getbootstrap.com/docs/4.1/components/navbar/index.html]
[getbootstrap.com/docs/4.1/components/pagination/index.html]
[cdnjs.cloudflare.com/ajax/libs/popper.js/1.14.3/umd/popper.min.js]
[getbootstrap.com/docs/4.1/components/popovers/index.html]
[getbootstrap.com/docs/4.1/components/progress/index.html]
[getbootstrap.com/docs/4.1/components/scrollspy/index.html]
[getbootstrap.com/docs/4.1/components/tooltips/index.html]
[getbootstrap.com/docs/4.1/utilities/borders/index.html]
[getbootstrap.com/docs/4.1/utilities/clearfix/index.html]
[getbootstrap.com/docs/4.1/utilities/close-icon/index.html]
[getbootstrap.com/docs/4.1/utilities/colors/index.html]
[getbootstrap.com/docs/4.1/utilities/display/index.html]
[getbootstrap.com/docs/4.1/utilities/embed/index.html]
[getbootstrap.com/docs/4.1/utilities/flex/index.html]
[getbootstrap.com/docs/4.1/utilities/float/index.html]
[getbootstrap.com/docs/4.1/utilities/image-replacement/index.html]
[getbootstrap.com/docs/4.1/utilities/position/index.html]
[getbootstrap.com/docs/4.1/utilities/screenreaders/index.html]
[getbootstrap.com/docs/4.1/utilities/shadows/index.html]
[getbootstrap.com/docs/4.1/utilities/sizing/index.html]
[getbootstrap.com/docs/4.1/utilities/spacing/index.html]
[getbootstrap.com/docs/4.1/utilities/text/index.html]
[getbootstrap.com/docs/4.1/utilities/vertical-align/index.html]
[getbootstrap.com/docs/4.1/utilities/visibility/index.html]
[getbootstrap.com/docs/4.1/extend/approach/index.html]
[getbootstrap.com/docs/4.1/extend/icons/index.html]
[getbootstrap.com/docs/4.1/migration/index.html]
[getbootstrap.com/docs/4.1/about/overview/index.html]
[getbootstrap.com/docs/4.1/dist/css/bootstrap.min.css]
[cdn.jsdelivr.net/npm/docsearch.js@2/dist/cdn/docsearch.min.css]
[getbootstrap.com/docs/4.1/assets/css/docs.min.css]
[getbootstrap.com/assets/js/vendor/jquery-slim.min.html]
